[testbasik.local/index.html]
[backblue.gif]
[fade.gif]
[index.html]
[testbasik.local/wp-includes/blocks/navigation/style.min380f.css]
[testbasik.local/feed/index.html]
[testbasik.local/wp-includes/blocks/image/style.min380f.css]
[testbasik.local/comments/feed/index.html]
[testbasik.local/xmlrpc0db0.php]
[testbasik.local/wp-includes/js/dist/vendor/wp-polyfill-importmap.minef6d.js]
[testbasik.local/wp-includes/blocks/navigation/view.min380f.js]
[testbasik.local/wp-includes/js/dist/interactivity.min380f.js]
[testbasik.local/wp-content/themes/twentytwentyfour/assets/fonts/inter/Inter-VariableFont_slnt,wght.woff2]
[testbasik.local/wp-json/index.html]
[testbasik.local/wp-content/themes/twentytwentyfour/assets/fonts/cardo/cardo_normal_400.woff2]
[testbasik.local/wp-content/themes/twentytwentyfour/assets/fonts/cardo/cardo_italic_400.woff2]
[testbasik.local/wp-content/themes/twentytwentyfour/assets/fonts/cardo/cardo_normal_700.woff2]
[testbasik.local/wp-content/themes/twentytwentyfour/assets/images/building-exterior.webp]
[testbasik.local/sample-page/index.html]
[testbasik.local/wp-content/themes/twentytwentyfour/assets/images/tourist-and-building.webp]
[testbasik.local/wp-content/themes/twentytwentyfour/assets/images/windows.webp]
[testbasik.local/index.html]
[testbasik.local/hello-world/index.html]
[testbasik.local/wp-includes/blocks/navigation/style.min380f.css]
[testbasik.local/author/alex/index.html]
[testbasik.local/category/uncategorized/index.html]
[testbasik.local/wp-includes/blocks/image/style.min380f.css]
[testbasik.local/A,m.d.delayed]
[testbasik.local/A]
[testbasik.local/wp-includes/js/dist/vendor/wp-polyfill-importmap.minef6d.js]
[testbasik.local/wp-includes/blocks/navigation/view.min380f.js]
[testbasik.local/wp-includes/js/dist/interactivity.min380f.js]
[testbasik.local/sample-page/feed/index.html]
[testbasik.local/wp-json/oembed/1.0/embedfd94.json]
[testbasik.local/sample-page/index.html]
[testbasik.local/wp-json/oembed/1.0/embed12c4]
[testbasik.local/wp-includes/css/dist/block-library/common.min380f.css]
[testbasik.local/hello-world/feed/index.html]
[testbasik.local/wp-json/wp/v2/posts/1.json]
[testbasik.local/wp-json/oembed/1.0/embedbe42.json]
[testbasik.local/wp-json/oembed/1.0/embedce89]
[testbasik.local/hello-world/index.html]
[testbasik.local/wp-includes/js/comment-reply.min380f.js]
[testbasik.local/author/alex/index.html]
[testbasik.local/wp-json/wp/v2/users/1.json]
[testbasik.local/author/alex/feed/index.html]
[testbasik.local/hello-world/index6809.html]
[testbasik.local/category/uncategorized/index.html]
[testbasik.local/wp-json/wp/v2/categories/1.json]
[testbasik.local/A,m.html]
[testbasik.local/A.html]
[testbasik.local/category/uncategorized/feed/index.html]
[testbasik.local/index905b.html]
[testbasik.local/wp-json/wp/v2/pages/2]
[testbasik.local/wp-admin/index.html]
[testbasik.local/wp-includes/css/dist/block-library/common.min380f.css]
[testbasik.local/indexcff1.html]
[testbasik.local/hello-world/index6809.html]
[testbasik.local/wp-includes/js/comment-reply.min380f.js]
[testbasik.local/wp-loginc46a.html]
[testbasik.local/wp-admin/load-stylesdaf0.css]
[testbasik.local/wp-loginc2b6.html]
[testbasik.local/wp-admin/load-scripts5467.php]
[testbasik.local/wp-includes/js/dist/i18n.minc33c.js]
[testbasik.local/wp-admin/js/password-strength-meter.min380f.js]
[testbasik.local/wp-includes/js/underscore.mind584.js]
[testbasik.local/wp-includes/js/wp-util.min380f.js]
[testbasik.local/wp-loginc46a.html]
[testbasik.local/wp-admin/js/user-profile.min380f.js]
[testbasik.local/wp-includes/fonts/dashicons7d4b.eot]
[testbasik.local/wp-includes/fonts/dashicons7d4b.ttf]
[testbasik.local/wp-admin/images/w-logo-blue7a53.png]
[testbasik.local/wp-admin/load-stylesdaf0.css]
[testbasik.local/wp-login.html]
[testbasik.local/wp-loginc2b6.html]
[testbasik.local/wp-includes/js/dist/i18n.minc33c.js]
[testbasik.local/wp-admin/js/password-strength-meter.min380f.js]
[testbasik.local/wp-includes/js/underscore.mind584.js]
[testbasik.local/wp-includes/js/wp-util.min380f.js]
[testbasik.local/wp-admin/js/user-profile.min380f.js]
[testbasik.local/wp-admin/images/wordpress-logo7d6b.svg]
[testbasik.local/wp-login.html]
[testbasik.local/wp-admin/images/loading.gif]
